// Jest Snapshot v1, https://goo.gl/fbAQLP

exports[`should render FilterDrawer component 1`] = `
Object {
  "asFragment": [Function],
  "baseElement": <body>
    <div />
    <div>
      <div
        class="ant-drawer ant-drawer-left css-dev-only-do-not-override-yp8pcc ant-drawer-open"
        tabindex="-1"
      >
        <div
          class="ant-drawer-mask"
        />
        <div
          aria-hidden="true"
          data-sentinel="start"
          style="width: 0px; height: 0px; overflow: hidden; outline: none; position: absolute;"
          tabindex="0"
        />
        <div
          class="ant-drawer-content-wrapper"
          style="width: 378px;"
        >
          <div
            aria-modal="true"
            class="ant-drawer-content"
            role="dialog"
          >
            <div
              class="ant-drawer-wrapper-body"
            >
              <div
                class="ant-drawer-header"
              >
                <div
                  class="ant-drawer-header-title"
                >
                  <button
                    aria-label="Close"
                    class="ant-drawer-close"
                    type="button"
                  >
                    <span
                      aria-label="close"
                      class="anticon anticon-close"
                      role="img"
                    >
                      <svg
                        aria-hidden="true"
                        data-icon="close"
                        fill="currentColor"
                        focusable="false"
                        height="1em"
                        viewBox="64 64 896 896"
                        width="1em"
                      >
                        <path
                          d="M563.8 512l262.5-312.9c4.4-5.2.7-13.1-6.1-13.1h-79.8c-4.7 0-9.2 2.1-12.3 5.7L511.6 449.8 295.1 191.7c-3-3.6-7.5-5.7-12.3-5.7H203c-6.8 0-10.5 7.9-6.1 13.1L459.4 512 196.9 824.9A7.95 7.95 0 00203 838h79.8c4.7 0 9.2-2.1 12.3-5.7l216.5-258.1 216.5 258.1c3 3.6 7.5 5.7 12.3 5.7h79.8c6.8 0 10.5-7.9 6.1-13.1L563.8 512z"
                        />
                      </svg>
                    </span>
                  </button>
                  <div
                    class="ant-drawer-title"
                  >
                    Filter Favorite Product Items
                  </div>
                </div>
              </div>
              <div
                class="ant-drawer-body"
              >
                <h3
                  class="title"
                >
                  Filter By Criteria
                </h3>
                <span
                  class="ant-input-affix-wrapper ant-input-affix-wrapper-lg css-dev-only-do-not-override-yp8pcc"
                >
                  <span
                    class="ant-input-prefix"
                  >
                    <span
                      aria-label="search"
                      class="anticon anticon-search"
                      role="img"
                    >
                      <svg
                        aria-hidden="true"
                        data-icon="search"
                        fill="currentColor"
                        focusable="false"
                        height="1em"
                        viewBox="64 64 896 896"
                        width="1em"
                      >
                        <path
                          d="M909.6 854.5L649.9 594.8C690.2 542.7 712 479 712 412c0-80.2-31.3-155.4-87.9-212.1-56.6-56.7-132-87.9-212.1-87.9s-155.5 31.3-212.1 87.9C143.2 256.5 112 331.8 112 412c0 80.1 31.3 155.5 87.9 212.1C256.5 680.8 331.8 712 412 712c67 0 130.6-21.8 182.7-62l259.7 259.6a8.2 8.2 0 0011.6 0l43.6-43.5a8.2 8.2 0 000-11.6zM570.4 570.4C528 612.7 471.8 636 412 636s-116-23.3-158.4-65.6C211.3 528 188 471.8 188 412s23.3-116.1 65.6-158.4C296 211.3 352.2 188 412 188s116.1 23.2 158.4 65.6S636 352.2 636 412s-23.3 116.1-65.6 158.4z"
                        />
                      </svg>
                    </span>
                  </span>
                  <input
                    class="ant-input ant-input-lg css-dev-only-do-not-override-yp8pcc"
                    placeholder="Search"
                    type="text"
                    value=""
                  />
                </span>
                <h3
                  class="title"
                >
                  Filter By Price ($
                  1000
                  )
                </h3>
                <div
                  class="ant-slider price-filter css-dev-only-do-not-override-yp8pcc ant-slider-horizontal ant-slider-with-marks"
                >
                  <div
                    class="ant-slider-rail"
                  />
                  <div
                    class="ant-slider-track"
                    style="left: 0%; width: 100%;"
                  />
                  <div
                    class="ant-slider-step"
                  >
                    <span
                      class="ant-slider-dot ant-slider-dot-active"
                      style="left: 0%; transform: translateX(-50%);"
                    />
                    <span
                      class="ant-slider-dot ant-slider-dot-active"
                      style="left: 100%; transform: translateX(-50%);"
                    />
                  </div>
                  <div
                    aria-disabled="false"
                    aria-valuemax="1000"
                    aria-valuemin="100"
                    aria-valuenow="1000"
                    class="ant-slider-handle"
                    role="slider"
                    style="left: 100%; transform: translateX(-50%);"
                    tabindex="0"
                  />
                  <div
                    class="ant-slider-mark"
                  >
                    <span
                      class="ant-slider-mark-text ant-slider-mark-text-active"
                      style="left: 0%; transform: translateX(-50%);"
                    >
                      100
                    </span>
                    <span
                      class="ant-slider-mark-text ant-slider-mark-text-active"
                      style="left: 100%; transform: translateX(-50%);"
                    >
                      1000
                    </span>
                  </div>
                </div>
                <div
                  class="status"
                >
                  <span
                    class="ant-tag ant-tag-has-color css-dev-only-do-not-override-yp8pcc"
                    style="background-color: rgb(16, 142, 233);"
                  >
                    <h2>
                      Found Items: 
                      2
                    </h2>
                  </span>
                </div>
              </div>
            </div>
          </div>
        </div>
        <div
          aria-hidden="true"
          data-sentinel="end"
          style="width: 0px; height: 0px; overflow: hidden; outline: none; position: absolute;"
          tabindex="0"
        />
      </div>
    </div>
  </body>,
  "container": <div />,
  "debug": [Function],
  "findAllByAltText": [Function],
  "findAllByDisplayValue": [Function],
  "findAllByLabelText": [Function],
  "findAllByPlaceholderText": [Function],
  "findAllByRole": [Function],
  "findAllByTestId": [Function],
  "findAllByText": [Function],
  "findAllByTitle": [Function],
  "findByAltText": [Function],
  "findByDisplayValue": [Function],
  "findByLabelText": [Function],
  "findByPlaceholderText": [Function],
  "findByRole": [Function],
  "findByTestId": [Function],
  "findByText": [Function],
  "findByTitle": [Function],
  "getAllByAltText": [Function],
  "getAllByDisplayValue": [Function],
  "getAllByLabelText": [Function],
  "getAllByPlaceholderText": [Function],
  "getAllByRole": [Function],
  "getAllByTestId": [Function],
  "getAllByText": [Function],
  "getAllByTitle": [Function],
  "getByAltText": [Function],
  "getByDisplayValue": [Function],
  "getByLabelText": [Function],
  "getByPlaceholderText": [Function],
  "getByRole": [Function],
  "getByTestId": [Function],
  "getByText": [Function],
  "getByTitle": [Function],
  "queryAllByAltText": [Function],
  "queryAllByDisplayValue": [Function],
  "queryAllByLabelText": [Function],
  "queryAllByPlaceholderText": [Function],
  "queryAllByRole": [Function],
  "queryAllByTestId": [Function],
  "queryAllByText": [Function],
  "queryAllByTitle": [Function],
  "queryByAltText": [Function],
  "queryByDisplayValue": [Function],
  "queryByLabelText": [Function],
  "queryByPlaceholderText": [Function],
  "queryByRole": [Function],
  "queryByTestId": [Function],
  "queryByText": [Function],
  "queryByTitle": [Function],
  "rerender": [Function],
  "unmount": [Function],
}
`;
