// Vitest Snapshot v1, https://vitest.dev/guide/snapshot.html

exports[`should render Products component 1`] = `
{
  "asFragment": [Function],
  "baseElement": <body>
    <div>
      <div
        class="ant-row product-catalog css-dev-only-do-not-override-1odpy5d"
      >
        <button
          aria-describedby="test-id"
          class="ant-btn css-dev-only-do-not-override-1odpy5d ant-btn-primary ant-btn-color-primary ant-btn-variant-solid filter-btn"
          type="button"
        >
          <span
            aria-label="control"
            class="anticon anticon-control"
            role="img"
          >
            <svg
              aria-hidden="true"
              data-icon="control"
              fill="currentColor"
              focusable="false"
              height="1em"
              viewBox="64 64 896 896"
              width="1em"
            >
              <path
                d="M880 112H144c-17.7 0-32 14.3-32 32v736c0 17.7 14.3 32 32 32h736c17.7 0 32-14.3 32-32V144c0-17.7-14.3-32-32-32zM404 683v77c0 4.4-3.6 8-8 8h-48c-4.4 0-8-3.6-8-8v-77c-41.7-13.6-72-52.8-72-99s30.3-85.5 72-99V264c0-4.4 3.6-8 8-8h48c4.4 0 8 3.6 8 8v221c41.7 13.6 72 52.8 72 99s-30.3 85.5-72 99zm279.6-143.9c.2 0 .3-.1.4-.1v221c0 4.4-3.6 8-8 8h-48c-4.4 0-8-3.6-8-8V539c.2 0 .3.1.4.1-42-13.4-72.4-52.7-72.4-99.1 0-46.4 30.4-85.7 72.4-99.1-.2 0-.3.1-.4.1v-77c0-4.4 3.6-8 8-8h48c4.4 0 8 3.6 8 8v77c-.2 0-.3-.1-.4-.1 42 13.4 72.4 52.7 72.4 99.1 0 46.4-30.4 85.7-72.4 99.1zM616 440a36 36 0 1072 0 36 36 0 10-72 0zM403.4 566.5l-1.5-2.4c0-.1-.1-.1-.1-.2l-.9-1.2c-.1-.1-.2-.2-.2-.3-1-1.3-2-2.5-3.2-3.6l-.2-.2c-.4-.4-.8-.8-1.2-1.1-.8-.8-1.7-1.5-2.6-2.1h-.1l-1.2-.9c-.1-.1-.3-.2-.4-.3-1.2-.8-2.5-1.6-3.9-2.2-.2-.1-.5-.2-.7-.4-.4-.2-.7-.3-1.1-.5-.3-.1-.7-.3-1-.4-.5-.2-1-.4-1.5-.5-.4-.1-.9-.3-1.3-.4l-.9-.3-1.4-.3c-.2-.1-.5-.1-.7-.2-.7-.1-1.4-.3-2.1-.4-.2 0-.4 0-.6-.1-.6-.1-1.1-.1-1.7-.2-.2 0-.4 0-.7-.1-.8 0-1.5-.1-2.3-.1s-1.5 0-2.3.1c-.2 0-.4 0-.7.1-.6 0-1.2.1-1.7.2-.2 0-.4 0-.6.1-.7.1-1.4.2-2.1.4-.2.1-.5.1-.7.2l-1.4.3-.9.3c-.4.1-.9.3-1.3.4-.5.2-1 .4-1.5.5-.3.1-.7.3-1 .4-.4.2-.7.3-1.1.5-.2.1-.5.2-.7.4-1.3.7-2.6 1.4-3.9 2.2-.1.1-.3.2-.4.3l-1.2.9h-.1c-.9.7-1.8 1.4-2.6 2.1-.4.4-.8.7-1.2 1.1l-.2.2a54.8 54.8 0 00-3.2 3.6c-.1.1-.2.2-.2.3l-.9 1.2c0 .1-.1.1-.1.2l-1.5 2.4c-.1.2-.2.3-.3.5-2.7 5.1-4.3 10.9-4.3 17s1.6 12 4.3 17c.1.2.2.3.3.5l1.5 2.4c0 .1.1.1.1.2l.9 1.2c.1.1.2.2.2.3 1 1.3 2 2.5 3.2 3.6l.2.2c.4.4.8.8 1.2 1.1.8.8 1.7 1.5 2.6 2.1h.1l1.2.9c.1.1.3.2.4.3 1.2.8 2.5 1.6 3.9 2.2.2.1.5.2.7.4.4.2.7.3 1.1.5.3.1.7.3 1 .4.5.2 1 .4 1.5.5.4.1.9.3 1.3.4l.9.3 1.4.3c.2.1.5.1.7.2.7.1 1.4.3 2.1.4.2 0 .4 0 .6.1.6.1 1.1.1 1.7.2.2 0 .4 0 .7.1.8 0 1.5.1 2.3.1s1.5 0 2.3-.1c.2 0 .4 0 .7-.1.6 0 1.2-.1 1.7-.2.2 0 .4 0 .6-.1.7-.1 1.4-.2 2.1-.4.2-.1.5-.1.7-.2l1.4-.3.9-.3c.4-.1.9-.3 1.3-.4.5-.2 1-.4 1.5-.5.3-.1.7-.3 1-.4.4-.2.7-.3 1.1-.5.2-.1.5-.2.7-.4 1.3-.7 2.6-1.4 3.9-2.2.1-.1.3-.2.4-.3l1.2-.9h.1c.9-.7 1.8-1.4 2.6-2.1.4-.4.8-.7 1.2-1.1l.2-.2c1.1-1.1 2.2-2.4 3.2-3.6.1-.1.2-.2.2-.3l.9-1.2c0-.1.1-.1.1-.2l1.5-2.4c.1-.2.2-.3.3-.5 2.7-5.1 4.3-10.9 4.3-17s-1.6-12-4.3-17c-.1-.2-.2-.4-.3-.5z"
              />
            </svg>
          </span>
        </button>
        <button
          aria-describedby="test-id"
          class="ant-btn css-dev-only-do-not-override-1odpy5d ant-btn-primary ant-btn-dangerous ant-btn-color-dangerous ant-btn-variant-solid filter-btn"
          type="button"
        >
          <span
            aria-label="close-circle"
            class="anticon anticon-close-circle"
            role="img"
          >
            <svg
              aria-hidden="true"
              data-icon="close-circle"
              fill="currentColor"
              fill-rule="evenodd"
              focusable="false"
              height="1em"
              viewBox="64 64 896 896"
              width="1em"
            >
              <path
                d="M512 64c247.4 0 448 200.6 448 448S759.4 960 512 960 64 759.4 64 512 264.6 64 512 64zm127.98 274.82h-.04l-.08.06L512 466.75 384.14 338.88c-.04-.05-.06-.06-.08-.06a.12.12 0 00-.07 0c-.03 0-.05.01-.09.05l-45.02 45.02a.2.2 0 00-.05.09.12.12 0 000 .07v.02a.27.27 0 00.06.06L466.75 512 338.88 639.86c-.05.04-.06.06-.06.08a.12.12 0 000 .07c0 .03.01.05.05.09l45.02 45.02a.2.2 0 00.09.05.12.12 0 00.07 0c.02 0 .04-.01.08-.05L512 557.25l127.86 127.87c.04.04.06.05.08.05a.12.12 0 00.07 0c.03 0 .05-.01.09-.05l45.02-45.02a.2.2 0 00.05-.09.12.12 0 000-.07v-.02a.27.27 0 00-.05-.06L557.25 512l127.87-127.86c.04-.04.05-.06.05-.08a.12.12 0 000-.07c0-.03-.01-.05-.05-.09l-45.02-45.02a.2.2 0 00-.09-.05.12.12 0 00-.07 0z"
              />
            </svg>
          </span>
        </button>
        <div
          class="ant-col ant-col-24 css-dev-only-do-not-override-1odpy5d"
        >
          <div
            class="ant-row css-dev-only-do-not-override-1odpy5d"
          >
            <div
              class="ant-col ant-col-sm-24 ant-col-md-8 css-dev-only-do-not-override-1odpy5d"
            >
              <div
                class="ant-card ant-card-bordered product-item css-dev-only-do-not-override-1odpy5d"
              >
                <div
                  class="ant-card-cover"
                >
                  <a
                    data-discover="true"
                    href="/123"
                  >
                    <img
                      src="/src/assets/images/bluetooth-speaker.jpg"
                    />
                  </a>
                </div>
                <div
                  class="ant-card-body"
                >
                  <div
                    class="ant-card-meta"
                  >
                    <div
                      class="ant-card-meta-detail"
                    >
                      <div
                        class="ant-card-meta-title"
                      >
                        <div
                          class="product-title"
                        >
                          Bluetooth Speaker
                        </div>
                      </div>
                    </div>
                  </div>
                  <div
                    class="ant-card-meta"
                  >
                    <div
                      class="ant-card-meta-detail"
                    >
                      <div
                        class="ant-card-meta-title"
                      >
                        $123.45
                      </div>
                    </div>
                  </div>
                </div>
                <ul
                  class="ant-card-actions"
                >
                  <li
                    style="width: 50%;"
                  >
                    <span>
                      <span
                        class="product-number"
                      >
                        #
                        1
                      </span>
                    </span>
                  </li>
                  <li
                    style="width: 50%;"
                  >
                    <span>
                      <span
                        aria-label="star"
                        class="anticon anticon-star"
                        role="img"
                        tabindex="-1"
                      >
                        <svg
                          aria-hidden="true"
                          data-icon="star"
                          fill="currentColor"
                          focusable="false"
                          height="1em"
                          viewBox="64 64 896 896"
                          width="1em"
                        >
                          <path
                            d="M908.1 353.1l-253.9-36.9L540.7 86.1c-3.1-6.3-8.2-11.4-14.5-14.5-15.8-7.8-35-1.3-42.9 14.5L369.8 316.2l-253.9 36.9c-7 1-13.4 4.3-18.3 9.3a32.05 32.05 0 00.6 45.3l183.7 179.1-43.4 252.9a31.95 31.95 0 0046.4 33.7L512 754l227.1 119.4c6.2 3.3 13.4 4.4 20.3 3.2 17.4-3 29.1-19.5 26.1-36.9l-43.4-252.9 183.7-179.1c5-4.9 8.3-11.3 9.3-18.3 2.7-17.5-9.5-33.7-27-36.3z"
                          />
                        </svg>
                      </span>
                    </span>
                  </li>
                </ul>
              </div>
            </div>
            <div
              class="ant-col ant-col-sm-24 ant-col-md-8 css-dev-only-do-not-override-1odpy5d"
            >
              <div
                class="ant-card ant-card-bordered product-item css-dev-only-do-not-override-1odpy5d"
              >
                <div
                  class="ant-card-cover"
                >
                  <a
                    data-discover="true"
                    href="/234"
                  >
                    <img
                      src="/src/assets/images/gamepad.jpg"
                    />
                  </a>
                </div>
                <div
                  class="ant-card-body"
                >
                  <div
                    class="ant-card-meta"
                  >
                    <div
                      class="ant-card-meta-detail"
                    >
                      <div
                        class="ant-card-meta-title"
                      >
                        <div
                          class="product-title"
                        >
                          Gamepad
                        </div>
                      </div>
                    </div>
                  </div>
                  <div
                    class="ant-card-meta"
                  >
                    <div
                      class="ant-card-meta-detail"
                    >
                      <div
                        class="ant-card-meta-title"
                      >
                        $234.56
                      </div>
                    </div>
                  </div>
                </div>
                <ul
                  class="ant-card-actions"
                >
                  <li
                    style="width: 50%;"
                  >
                    <span>
                      <span
                        class="product-number"
                      >
                        #
                        2
                      </span>
                    </span>
                  </li>
                  <li
                    style="width: 50%;"
                  >
                    <span>
                      <span
                        aria-label="star"
                        class="anticon anticon-star"
                        role="img"
                        tabindex="-1"
                      >
                        <svg
                          aria-hidden="true"
                          data-icon="star"
                          fill="currentColor"
                          focusable="false"
                          height="1em"
                          viewBox="64 64 896 896"
                          width="1em"
                        >
                          <path
                            d="M908.1 353.1l-253.9-36.9L540.7 86.1c-3.1-6.3-8.2-11.4-14.5-14.5-15.8-7.8-35-1.3-42.9 14.5L369.8 316.2l-253.9 36.9c-7 1-13.4 4.3-18.3 9.3a32.05 32.05 0 00.6 45.3l183.7 179.1-43.4 252.9a31.95 31.95 0 0046.4 33.7L512 754l227.1 119.4c6.2 3.3 13.4 4.4 20.3 3.2 17.4-3 29.1-19.5 26.1-36.9l-43.4-252.9 183.7-179.1c5-4.9 8.3-11.3 9.3-18.3 2.7-17.5-9.5-33.7-27-36.3z"
                          />
                        </svg>
                      </span>
                    </span>
                  </li>
                </ul>
              </div>
            </div>
          </div>
        </div>
      </div>
    </div>
  </body>,
  "container": <div>
    <div
      class="ant-row product-catalog css-dev-only-do-not-override-1odpy5d"
    >
      <button
        aria-describedby="test-id"
        class="ant-btn css-dev-only-do-not-override-1odpy5d ant-btn-primary ant-btn-color-primary ant-btn-variant-solid filter-btn"
        type="button"
      >
        <span
          aria-label="control"
          class="anticon anticon-control"
          role="img"
        >
          <svg
            aria-hidden="true"
            data-icon="control"
            fill="currentColor"
            focusable="false"
            height="1em"
            viewBox="64 64 896 896"
            width="1em"
          >
            <path
              d="M880 112H144c-17.7 0-32 14.3-32 32v736c0 17.7 14.3 32 32 32h736c17.7 0 32-14.3 32-32V144c0-17.7-14.3-32-32-32zM404 683v77c0 4.4-3.6 8-8 8h-48c-4.4 0-8-3.6-8-8v-77c-41.7-13.6-72-52.8-72-99s30.3-85.5 72-99V264c0-4.4 3.6-8 8-8h48c4.4 0 8 3.6 8 8v221c41.7 13.6 72 52.8 72 99s-30.3 85.5-72 99zm279.6-143.9c.2 0 .3-.1.4-.1v221c0 4.4-3.6 8-8 8h-48c-4.4 0-8-3.6-8-8V539c.2 0 .3.1.4.1-42-13.4-72.4-52.7-72.4-99.1 0-46.4 30.4-85.7 72.4-99.1-.2 0-.3.1-.4.1v-77c0-4.4 3.6-8 8-8h48c4.4 0 8 3.6 8 8v77c-.2 0-.3-.1-.4-.1 42 13.4 72.4 52.7 72.4 99.1 0 46.4-30.4 85.7-72.4 99.1zM616 440a36 36 0 1072 0 36 36 0 10-72 0zM403.4 566.5l-1.5-2.4c0-.1-.1-.1-.1-.2l-.9-1.2c-.1-.1-.2-.2-.2-.3-1-1.3-2-2.5-3.2-3.6l-.2-.2c-.4-.4-.8-.8-1.2-1.1-.8-.8-1.7-1.5-2.6-2.1h-.1l-1.2-.9c-.1-.1-.3-.2-.4-.3-1.2-.8-2.5-1.6-3.9-2.2-.2-.1-.5-.2-.7-.4-.4-.2-.7-.3-1.1-.5-.3-.1-.7-.3-1-.4-.5-.2-1-.4-1.5-.5-.4-.1-.9-.3-1.3-.4l-.9-.3-1.4-.3c-.2-.1-.5-.1-.7-.2-.7-.1-1.4-.3-2.1-.4-.2 0-.4 0-.6-.1-.6-.1-1.1-.1-1.7-.2-.2 0-.4 0-.7-.1-.8 0-1.5-.1-2.3-.1s-1.5 0-2.3.1c-.2 0-.4 0-.7.1-.6 0-1.2.1-1.7.2-.2 0-.4 0-.6.1-.7.1-1.4.2-2.1.4-.2.1-.5.1-.7.2l-1.4.3-.9.3c-.4.1-.9.3-1.3.4-.5.2-1 .4-1.5.5-.3.1-.7.3-1 .4-.4.2-.7.3-1.1.5-.2.1-.5.2-.7.4-1.3.7-2.6 1.4-3.9 2.2-.1.1-.3.2-.4.3l-1.2.9h-.1c-.9.7-1.8 1.4-2.6 2.1-.4.4-.8.7-1.2 1.1l-.2.2a54.8 54.8 0 00-3.2 3.6c-.1.1-.2.2-.2.3l-.9 1.2c0 .1-.1.1-.1.2l-1.5 2.4c-.1.2-.2.3-.3.5-2.7 5.1-4.3 10.9-4.3 17s1.6 12 4.3 17c.1.2.2.3.3.5l1.5 2.4c0 .1.1.1.1.2l.9 1.2c.1.1.2.2.2.3 1 1.3 2 2.5 3.2 3.6l.2.2c.4.4.8.8 1.2 1.1.8.8 1.7 1.5 2.6 2.1h.1l1.2.9c.1.1.3.2.4.3 1.2.8 2.5 1.6 3.9 2.2.2.1.5.2.7.4.4.2.7.3 1.1.5.3.1.7.3 1 .4.5.2 1 .4 1.5.5.4.1.9.3 1.3.4l.9.3 1.4.3c.2.1.5.1.7.2.7.1 1.4.3 2.1.4.2 0 .4 0 .6.1.6.1 1.1.1 1.7.2.2 0 .4 0 .7.1.8 0 1.5.1 2.3.1s1.5 0 2.3-.1c.2 0 .4 0 .7-.1.6 0 1.2-.1 1.7-.2.2 0 .4 0 .6-.1.7-.1 1.4-.2 2.1-.4.2-.1.5-.1.7-.2l1.4-.3.9-.3c.4-.1.9-.3 1.3-.4.5-.2 1-.4 1.5-.5.3-.1.7-.3 1-.4.4-.2.7-.3 1.1-.5.2-.1.5-.2.7-.4 1.3-.7 2.6-1.4 3.9-2.2.1-.1.3-.2.4-.3l1.2-.9h.1c.9-.7 1.8-1.4 2.6-2.1.4-.4.8-.7 1.2-1.1l.2-.2c1.1-1.1 2.2-2.4 3.2-3.6.1-.1.2-.2.2-.3l.9-1.2c0-.1.1-.1.1-.2l1.5-2.4c.1-.2.2-.3.3-.5 2.7-5.1 4.3-10.9 4.3-17s-1.6-12-4.3-17c-.1-.2-.2-.4-.3-.5z"
            />
          </svg>
        </span>
      </button>
      <button
        aria-describedby="test-id"
        class="ant-btn css-dev-only-do-not-override-1odpy5d ant-btn-primary ant-btn-dangerous ant-btn-color-dangerous ant-btn-variant-solid filter-btn"
        type="button"
      >
        <span
          aria-label="close-circle"
          class="anticon anticon-close-circle"
          role="img"
        >
          <svg
            aria-hidden="true"
            data-icon="close-circle"
            fill="currentColor"
            fill-rule="evenodd"
            focusable="false"
            height="1em"
            viewBox="64 64 896 896"
            width="1em"
          >
            <path
              d="M512 64c247.4 0 448 200.6 448 448S759.4 960 512 960 64 759.4 64 512 264.6 64 512 64zm127.98 274.82h-.04l-.08.06L512 466.75 384.14 338.88c-.04-.05-.06-.06-.08-.06a.12.12 0 00-.07 0c-.03 0-.05.01-.09.05l-45.02 45.02a.2.2 0 00-.05.09.12.12 0 000 .07v.02a.27.27 0 00.06.06L466.75 512 338.88 639.86c-.05.04-.06.06-.06.08a.12.12 0 000 .07c0 .03.01.05.05.09l45.02 45.02a.2.2 0 00.09.05.12.12 0 00.07 0c.02 0 .04-.01.08-.05L512 557.25l127.86 127.87c.04.04.06.05.08.05a.12.12 0 00.07 0c.03 0 .05-.01.09-.05l45.02-45.02a.2.2 0 00.05-.09.12.12 0 000-.07v-.02a.27.27 0 00-.05-.06L557.25 512l127.87-127.86c.04-.04.05-.06.05-.08a.12.12 0 000-.07c0-.03-.01-.05-.05-.09l-45.02-45.02a.2.2 0 00-.09-.05.12.12 0 00-.07 0z"
            />
          </svg>
        </span>
      </button>
      <div
        class="ant-col ant-col-24 css-dev-only-do-not-override-1odpy5d"
      >
        <div
          class="ant-row css-dev-only-do-not-override-1odpy5d"
        >
          <div
            class="ant-col ant-col-sm-24 ant-col-md-8 css-dev-only-do-not-override-1odpy5d"
          >
            <div
              class="ant-card ant-card-bordered product-item css-dev-only-do-not-override-1odpy5d"
            >
              <div
                class="ant-card-cover"
              >
                <a
                  data-discover="true"
                  href="/123"
                >
                  <img
                    src="/src/assets/images/bluetooth-speaker.jpg"
                  />
                </a>
              </div>
              <div
                class="ant-card-body"
              >
                <div
                  class="ant-card-meta"
                >
                  <div
                    class="ant-card-meta-detail"
                  >
                    <div
                      class="ant-card-meta-title"
                    >
                      <div
                        class="product-title"
                      >
                        Bluetooth Speaker
                      </div>
                    </div>
                  </div>
                </div>
                <div
                  class="ant-card-meta"
                >
                  <div
                    class="ant-card-meta-detail"
                  >
                    <div
                      class="ant-card-meta-title"
                    >
                      $123.45
                    </div>
                  </div>
                </div>
              </div>
              <ul
                class="ant-card-actions"
              >
                <li
                  style="width: 50%;"
                >
                  <span>
                    <span
                      class="product-number"
                    >
                      #
                      1
                    </span>
                  </span>
                </li>
                <li
                  style="width: 50%;"
                >
                  <span>
                    <span
                      aria-label="star"
                      class="anticon anticon-star"
                      role="img"
                      tabindex="-1"
                    >
                      <svg
                        aria-hidden="true"
                        data-icon="star"
                        fill="currentColor"
                        focusable="false"
                        height="1em"
                        viewBox="64 64 896 896"
                        width="1em"
                      >
                        <path
                          d="M908.1 353.1l-253.9-36.9L540.7 86.1c-3.1-6.3-8.2-11.4-14.5-14.5-15.8-7.8-35-1.3-42.9 14.5L369.8 316.2l-253.9 36.9c-7 1-13.4 4.3-18.3 9.3a32.05 32.05 0 00.6 45.3l183.7 179.1-43.4 252.9a31.95 31.95 0 0046.4 33.7L512 754l227.1 119.4c6.2 3.3 13.4 4.4 20.3 3.2 17.4-3 29.1-19.5 26.1-36.9l-43.4-252.9 183.7-179.1c5-4.9 8.3-11.3 9.3-18.3 2.7-17.5-9.5-33.7-27-36.3z"
                        />
                      </svg>
                    </span>
                  </span>
                </li>
              </ul>
            </div>
          </div>
          <div
            class="ant-col ant-col-sm-24 ant-col-md-8 css-dev-only-do-not-override-1odpy5d"
          >
            <div
              class="ant-card ant-card-bordered product-item css-dev-only-do-not-override-1odpy5d"
            >
              <div
                class="ant-card-cover"
              >
                <a
                  data-discover="true"
                  href="/234"
                >
                  <img
                    src="/src/assets/images/gamepad.jpg"
                  />
                </a>
              </div>
              <div
                class="ant-card-body"
              >
                <div
                  class="ant-card-meta"
                >
                  <div
                    class="ant-card-meta-detail"
                  >
                    <div
                      class="ant-card-meta-title"
                    >
                      <div
                        class="product-title"
                      >
                        Gamepad
                      </div>
                    </div>
                  </div>
                </div>
                <div
                  class="ant-card-meta"
                >
                  <div
                    class="ant-card-meta-detail"
                  >
                    <div
                      class="ant-card-meta-title"
                    >
                      $234.56
                    </div>
                  </div>
                </div>
              </div>
              <ul
                class="ant-card-actions"
              >
                <li
                  style="width: 50%;"
                >
                  <span>
                    <span
                      class="product-number"
                    >
                      #
                      2
                    </span>
                  </span>
                </li>
                <li
                  style="width: 50%;"
                >
                  <span>
                    <span
                      aria-label="star"
                      class="anticon anticon-star"
                      role="img"
                      tabindex="-1"
                    >
                      <svg
                        aria-hidden="true"
                        data-icon="star"
                        fill="currentColor"
                        focusable="false"
                        height="1em"
                        viewBox="64 64 896 896"
                        width="1em"
                      >
                        <path
                          d="M908.1 353.1l-253.9-36.9L540.7 86.1c-3.1-6.3-8.2-11.4-14.5-14.5-15.8-7.8-35-1.3-42.9 14.5L369.8 316.2l-253.9 36.9c-7 1-13.4 4.3-18.3 9.3a32.05 32.05 0 00.6 45.3l183.7 179.1-43.4 252.9a31.95 31.95 0 0046.4 33.7L512 754l227.1 119.4c6.2 3.3 13.4 4.4 20.3 3.2 17.4-3 29.1-19.5 26.1-36.9l-43.4-252.9 183.7-179.1c5-4.9 8.3-11.3 9.3-18.3 2.7-17.5-9.5-33.7-27-36.3z"
                        />
                      </svg>
                    </span>
                  </span>
                </li>
              </ul>
            </div>
          </div>
        </div>
      </div>
    </div>
  </div>,
  "debug": [Function],
  "findAllByAltText": [Function],
  "findAllByDisplayValue": [Function],
  "findAllByLabelText": [Function],
  "findAllByPlaceholderText": [Function],
  "findAllByRole": [Function],
  "findAllByTestId": [Function],
  "findAllByText": [Function],
  "findAllByTitle": [Function],
  "findByAltText": [Function],
  "findByDisplayValue": [Function],
  "findByLabelText": [Function],
  "findByPlaceholderText": [Function],
  "findByRole": [Function],
  "findByTestId": [Function],
  "findByText": [Function],
  "findByTitle": [Function],
  "getAllByAltText": [Function],
  "getAllByDisplayValue": [Function],
  "getAllByLabelText": [Function],
  "getAllByPlaceholderText": [Function],
  "getAllByRole": [Function],
  "getAllByTestId": [Function],
  "getAllByText": [Function],
  "getAllByTitle": [Function],
  "getByAltText": [Function],
  "getByDisplayValue": [Function],
  "getByLabelText": [Function],
  "getByPlaceholderText": [Function],
  "getByRole": [Function],
  "getByTestId": [Function],
  "getByText": [Function],
  "getByTitle": [Function],
  "queryAllByAltText": [Function],
  "queryAllByDisplayValue": [Function],
  "queryAllByLabelText": [Function],
  "queryAllByPlaceholderText": [Function],
  "queryAllByRole": [Function],
  "queryAllByTestId": [Function],
  "queryAllByText": [Function],
  "queryAllByTitle": [Function],
  "queryByAltText": [Function],
  "queryByDisplayValue": [Function],
  "queryByLabelText": [Function],
  "queryByPlaceholderText": [Function],
  "queryByRole": [Function],
  "queryByTestId": [Function],
  "queryByText": [Function],
  "queryByTitle": [Function],
  "rerender": [Function],
  "unmount": [Function],
}
`;
